Mailbox: recipient
From: X-äéß Y-äéß <fromuser@inbucket.org>
To: [Test of ȇɲʢȯȡɪɴʛ <recipient@inbucket.org>]
Subject: Test of ȇɲʢȯȡɪɴʛ
Size: 338

BODY TEXT:
Basic message.


BODY HTML:

