Mailbox: recipient
From: From User <fromuser@inbucket.org>
To: [Rec I. Pient <recipient@inbucket.org>]
Subject: basic subject
Size: 233

BODY TEXT:
Basic message.


BODY HTML:

