Mailbox: ip4recipient
From: <fromuser@inbucket.org>
To: [<ip4recipient@[192.168.123.123]>]
Subject: basic subject
Size: 198

BODY TEXT:
No-To message.


BODY HTML:

